Compiling 26 files with Solc 0.8.33
Solc 0.8.33 finished in 27.34s
Compiler run successful with warnings:
Warning (2018): Function state mutability can be restricted to view
   --> test/OperatorPermit.t.sol:374:5:
    |
374 |     function test_spendingLimit_failClose_unconfigured() public {
    |     ^ (Relevant source part starts here and spans across multiple lines).

Warning (2018): Function state mutability can be restricted to view
   --> test/OperatorPermit.t.sol:390:5:
    |
390 |     function test_spendingLimit_zeroValue_passes_unconfigured() public {
    |     ^ (Relevant source part starts here and spans across multiple lines).

Warning (2018): Function state mutability can be restricted to view
   --> test/OperatorPermit.t.sol:404:5:
    |
404 |     function test_receiverGuard_nativeTransfer_nonVault_blocked() public {
    |     ^ (Relevant source part starts here and spans across multiple lines).

Warning (2018): Function state mutability can be restricted to view
   --> test/OperatorPermit.t.sol:419:5:
    |
419 |     function test_receiverGuard_nativeTransfer_toVault_passes() public {
    |     ^ (Relevant source part starts here and spans across multiple lines).

Warning (2018): Function state mutability can be restricted to view
   --> test/OperatorPermit.t.sol:432:5:
    |
432 |     function test_receiverGuard_zeroValue_emptyData_passes() public {
    |     ^ (Relevant source part starts here and spans across multiple lines).

Warning (2018): Function state mutability can be restricted to view
   --> test/OperatorPermit.t.sol:601:5:
    |
601 |     function test_increaseAllowance_unapprovedSpender_blocked() public {
    |     ^ (Relevant source part starts here and spans across multiple lines).

Warning (2018): Function state mutability can be restricted to view
   --> test/OperatorPermit.t.sol:659:5:
    |
659 |     function test_decreaseAllowance_unapprovedSpender_blocked() public {
    |     ^ (Relevant source part starts here and spans across multiple lines).

Warning (2018): Function state mutability can be restricted to view
   --> test/OperatorPermit.t.sol:703:5:
    |
703 |     function test_permit_erc2612_blocked() public {
    |     ^ (Relevant source part starts here and spans across multiple lines).

Warning (2018): Function state mutability can be restricted to view
   --> test/OperatorPermit.t.sol:723:5:
    |
723 |     function test_permit_dai_blocked() public {
    |     ^ (Relevant source part starts here and spans across multiple lines).

Warning (2018): Function state mutability can be restricted to view
   --> test/OperatorPermit.t.sol:806:5:
    |
806 |     function test_receiverGuard_nonSwapValue_nonVault_blocked() public {
    |     ^ (Relevant source part starts here and spans across multiple lines).

Warning (2018): Function state mutability can be restricted to view
   --> test/OperatorPermit.t.sol:819:5:
    |
819 |     function test_receiverGuard_nonSwapValue_toVault_passes() public {
    |     ^ (Relevant source part starts here and spans across multiple lines).

forge : warning[unsafe-typecas
t]: typecasts that can truncat
e values should be checked
所在位置 行:1 字符: 1
+ forge build 2>&1 | Out-File 
-FilePath e:\work_space\shll\r
epos\shll\b ...
+ ~~~~~~~~~~~~~~~~
    + CategoryInfo          : 
    NotSpecified: (warning[u  
  nsafe-...ould be checked:   
 String) [], RemoteExcepti    
on
    + FullyQualifiedErrorId : 
    NativeCommandError
 
   鈺柛 test\Subscription.t.sol
:64:13
   鈹?64 鈹?            bytes32(
"default"),
   鈹?            鈹佲攣鈹佲攣鈹佲攣鈹佲攣鈹
佲攣鈹佲攣鈹佲攣鈹佲攣鈹佲攣
   鈹?   鈹?note: consider disab
ling this lint if you're certa
in the cast is safe
   鈹?      
   鈹?      // casting to 'byte
s32' is safe because [explain 
why]
   鈹?      // forge-lint: disa
ble-next-line(unsafe-typecast)
   鈹?      
   鈹?      
   鈺?help: https://book.getfou
ndry.sh/reference/forge/forge-
lint#unsafe-typecast

warning[unsafe-typecast]: type
casts that can truncate values
 should be checked
    鈺柛 src\ListingManagerV2.s
ol:229:37
    鈹?229 鈹?            uint96
 pricePerPeriod = uint96(total
Cost);
    鈹?                        
            鈹佲攣鈹佲攣鈹佲攣鈹佲攣鈹佲攣鈹佲攣
鈹佲攣鈹佲攣鈹?    鈹?    鈹?note: cons
ider disabling this lint if yo
u're certain the cast is safe
    鈹?      
    鈹?      // casting to 'uin
t96' is safe because [explain 
why]
    鈹?      // forge-lint: dis
able-next-line(unsafe-typecast
)
    鈹?      
    鈹?      
    鈺?help: https://book.getfo
undry.sh/reference/forge/forge
-lint#unsafe-typecast

warning[unsafe-typecast]: type
casts that can truncate values
 should be checked
   鈺柛 test\AgentNFAExtensions
.t.sol:31:13
   鈹?31 鈹?            bytes32(
"policy1"),
   鈹?            鈹佲攣鈹佲攣鈹佲攣鈹佲攣鈹
佲攣鈹佲攣鈹佲攣鈹佲攣鈹佲攣
   鈹?   鈹?note: consider disab
ling this lint if you're certa
in the cast is safe
   鈹?      
   鈹?      // casting to 'byte
s32' is safe because [explain 
why]
   鈹?      // forge-lint: disa
ble-next-line(unsafe-typecast)
   鈹?      
   鈹?      
   鈺?help: https://book.getfou
ndry.sh/reference/forge/forge-
lint#unsafe-typecast

warning[unsafe-typecast]: type
casts that can truncate values
 should be checked
   鈺柛 test\OperatorPermit.t.s
ol:48:46
   鈹?48 鈹?    bytes32 internal
 constant TEMPLATE_KEY = bytes
32("operator-template");
   鈹?                         
                    鈹佲攣鈹佲攣鈹佲攣鈹
佲攣鈹佲攣鈹佲攣鈹佲攣鈹佲攣鈹佲攣鈹佲攣鈹佲攣鈹佲攣鈹佲攣鈹
佲攣
   鈹?   鈹?note: consider disab
ling this lint if you're certa
in the cast is safe
   鈹?      
   鈹?      // casting to 'byte
s32' is safe because [explain 
why]
   鈹?      // forge-lint: disa
ble-next-line(unsafe-typecast)
   鈹?      
   鈹?      
   鈺?help: https://book.getfou
ndry.sh/reference/forge/forge-
lint#unsafe-typecast

warning[unsafe-typecast]: type
casts that can truncate values
 should be checked
   鈺柛 script\MintTestAgents.s
.sol:44:45
   鈹?44 鈹?        agentNFA.reg
isterTemplate(tokenId1, bytes3
2("mint-test-template-1"));
   鈹?                         
                   鈹佲攣鈹佲攣鈹佲攣鈹佲
攣鈹佲攣鈹佲攣鈹佲攣鈹佲攣鈹佲攣鈹佲攣鈹佲攣鈹佲攣鈹佲攣鈹佲
攣鈹佲攣鈹?   鈹?   鈹?note: consider
 disabling this lint if you're
 certain the cast is safe
   鈹?      
   鈹?      // casting to 'byte
s32' is safe because [explain 
why]
   鈹?      // forge-lint: disa
ble-next-line(unsafe-typecast)
   鈹?      
   鈹?      
   鈺?help: https://book.getfou
ndry.sh/reference/forge/forge-
lint#unsafe-typecast

warning[unsafe-typecast]: type
casts that can truncate values
 should be checked
   鈺柛 script\MintTestAgents.s
.sol:72:45
   鈹?72 鈹?        agentNFA.reg
isterTemplate(tokenId2, bytes3
2("mint-test-template-2"));
   鈹?                         
                   鈹佲攣鈹佲攣鈹佲攣鈹佲
攣鈹佲攣鈹佲攣鈹佲攣鈹佲攣鈹佲攣鈹佲攣鈹佲攣鈹佲攣鈹佲攣鈹佲
攣鈹佲攣鈹?   鈹?   鈹?note: consider
 disabling this lint if you're
 certain the cast is safe
   鈹?      
   鈹?      // casting to 'byte
s32' is safe because [explain 
why]
   鈹?      // forge-lint: disa
ble-next-line(unsafe-typecast)
   鈹?      
   鈹?      
   鈺?help: https://book.getfou
ndry.sh/reference/forge/forge-
lint#unsafe-typecast

warning[unsafe-typecast]: type
casts that can truncate values
 should be checked
   鈺柛 test\Subscription.t.sol
:69:42
   鈹?69 鈹?        nfa.register
Template(templateId, bytes32("
default-template"));
   鈹?                         
                鈹佲攣鈹佲攣鈹佲攣鈹佲攣鈹佲
攣鈹佲攣鈹佲攣鈹佲攣鈹佲攣鈹佲攣鈹佲攣鈹佲攣鈹佲攣鈹?   
鈹?   鈹?note: consider disablin
g this lint if you're certain 
the cast is safe
   鈹?      
   鈹?      // casting to 'byte
s32' is safe because [explain 
why]
   鈹?      // forge-lint: disa
ble-next-line(unsafe-typecast)
   鈹?      
   鈹?      
   鈺?help: https://book.getfou
ndry.sh/reference/forge/forge-
lint#unsafe-typecast

warning[unsafe-typecast]: type
casts that can truncate values
 should be checked
    鈺柛 test\Integration.t.sol
:127:39
    鈹?127 鈹?        nfa.regist
erTemplate(tokenId, bytes32("d
efault-template"));
    鈹?                        
              鈹佲攣鈹佲攣鈹佲攣鈹佲攣鈹佲攣鈹
佲攣鈹佲攣鈹佲攣鈹佲攣鈹佲攣鈹佲攣鈹佲攣鈹佲攣鈹?    鈹
?    鈹?note: consider disablin
g this lint if you're certain 
the cast is safe
    鈹?      
    鈹?      // casting to 'byt
es32' is safe because [explain
 why]
    鈹?      // forge-lint: dis
able-next-line(unsafe-typecast
)
    鈹?      
    鈹?      
    鈺?help: https://book.getfo
undry.sh/reference/forge/forge
-lint#unsafe-typecast

warning[unsafe-typecast]: type
casts that can truncate values
 should be checked
    鈺柛 test\Integration.t.sol
:129:33
    鈹?129 鈹?        guard.addT
emplatePolicy(bytes32("default
-template"), address(dexWL));
    鈹?                        
        鈹佲攣鈹佲攣鈹佲攣鈹佲攣鈹佲攣鈹佲攣鈹佲攣鈹
佲攣鈹佲攣鈹佲攣鈹佲攣鈹佲攣鈹佲攣鈹?    鈹?    鈹
?note: consider disabling this
 lint if you're certain the ca
st is safe
    鈹?      
    鈹?      // casting to 'byt
es32' is safe because [explain
 why]
    鈹?      // forge-lint: dis
able-next-line(unsafe-typecast
)
    鈹?      
    鈹?      
    鈺?help: https://book.getfo
undry.sh/reference/forge/forge
-lint#unsafe-typecast

warning[unsafe-typecast]: type
casts that can truncate values
 should be checked
   鈺柛 test\Subscription.t.sol
:71:33
   鈹?71 鈹?        guard.addTem
platePolicy(bytes32("default-t
emplate"), address(dexWL));
   鈹?                         
       鈹佲攣鈹佲攣鈹佲攣鈹佲攣鈹佲攣鈹佲攣鈹佲攣鈹佲
攣鈹佲攣鈹佲攣鈹佲攣鈹佲攣鈹佲攣鈹?   鈹?   鈹?no
te: consider disabling this li
nt if you're certain the cast 
is safe
   鈹?      
   鈹?      // casting to 'byte
s32' is safe because [explain 
why]
   鈹?      // forge-lint: disa
ble-next-line(unsafe-typecast)
   鈹?      
   鈹?      
   鈺?help: https://book.getfou
ndry.sh/reference/forge/forge-
lint#unsafe-typecast

warning[unsafe-typecast]: type
casts that can truncate values
 should be checked
    鈺柛 test\Integration.t.sol
:354:13
    鈹?354 鈹?            bytes3
2("default"),
    鈹?            鈹佲攣鈹佲攣鈹佲攣鈹佲攣
鈹佲攣鈹佲攣鈹佲攣鈹佲攣鈹佲攣
    鈹?    鈹?note: consider dis
abling this lint if you're cer
tain the cast is safe
    鈹?      
    鈹?      // casting to 'byt
es32' is safe because [explain
 why]
    鈹?      // forge-lint: dis
able-next-line(unsafe-typecast
)
    鈹?      
    鈹?      
    鈺?help: https://book.getfo
undry.sh/reference/forge/forge
-lint#unsafe-typecast

warning[unsafe-typecast]: type
casts that can truncate values
 should be checked
    鈺柛 test\Integration.t.sol
:359:42
    鈹?359 鈹?        nfa.regist
erTemplate(templateId, bytes32
("template-max-days"));
    鈹?                        
                 鈹佲攣鈹佲攣鈹佲攣鈹佲攣鈹
佲攣鈹佲攣鈹佲攣鈹佲攣鈹佲攣鈹佲攣鈹佲攣鈹佲攣鈹佲攣鈹佲攣
    鈹?    鈹?note: consider dis
abling this lint if you're cer
tain the cast is safe
    鈹?      
    鈹?      // casting to 'byt
es32' is safe because [explain
 why]
    鈹?      // forge-lint: dis
able-next-line(unsafe-typecast
)
    鈹?      
    鈹?      
    鈺?help: https://book.getfo
undry.sh/reference/forge/forge
-lint#unsafe-typecast

warning[unsafe-typecast]: type
casts that can truncate values
 should be checked
    鈺柛 test\Integration.t.sol
:360:33
    鈹?360 鈹?        guard.addT
emplatePolicy(bytes32("templat
e-max-days"), address(dexWL));
    鈹?                        
        鈹佲攣鈹佲攣鈹佲攣鈹佲攣鈹佲攣鈹佲攣鈹佲攣鈹
佲攣鈹佲攣鈹佲攣鈹佲攣鈹佲攣鈹佲攣鈹佲攣
    鈹?    鈹?note: consider dis
abling this lint if you're cer
tain the cast is safe
    鈹?      
    鈹?      // casting to 'byt
es32' is safe because [explain
 why]
    鈹?      // forge-lint: dis
able-next-line(unsafe-typecast
)
    鈹?      
    鈹?      
    鈺?help: https://book.getfo
undry.sh/reference/forge/forge
-lint#unsafe-typecast

warning[unsafe-typecast]: type
casts that can truncate values
 should be checked
    鈺柛 test\Subscription.t.so
l:422:13
    鈹?422 鈹?            bytes3
2("fake"),
    鈹?            鈹佲攣鈹佲攣鈹佲攣鈹佲攣
鈹佲攣鈹佲攣鈹佲攣鈹?    鈹?    鈹?note: c
onsider disabling this lint if
 you're certain the cast is sa
fe
    鈹?      
    鈹?      // casting to 'byt
es32' is safe because [explain
 why]
    鈹?      // forge-lint: dis
able-next-line(unsafe-typecast
)
    鈹?      
    鈹?      
    鈺?help: https://book.getfo
undry.sh/reference/forge/forge
-lint#unsafe-typecast

warning[unsafe-typecast]: type
casts that can truncate values
 should be checked
    鈺柛 test\Integration.t.sol
:414:13
    鈹?414 鈹?            bytes3
2("default"),
    鈹?            鈹佲攣鈹佲攣鈹佲攣鈹佲攣
鈹佲攣鈹佲攣鈹佲攣鈹佲攣鈹佲攣
    鈹?    鈹?note: consider dis
abling this lint if you're cer
tain the cast is safe
    鈹?      
    鈹?      // casting to 'byt
es32' is safe because [explain
 why]
    鈹?      // forge-lint: dis
able-next-line(unsafe-typecast
)
    鈹?      
    鈹?      
    鈺?help: https://book.getfo
undry.sh/reference/forge/forge
-lint#unsafe-typecast

